// Jest Snapshot v1, https://goo.gl/fbAQLP

exports[`RocketsLists renders correctly for reserved state 1`] = `
<div
  className="coindetail"
>
  <div
    className="coindetaildiv"
  >
    <h1
      className="name"
    >
      Cuurent Price
    </h1>
    <div
      className="subcoindetaildiv"
    >
      <h1
        className="name"
      >
        $
      </h1>
      <svg
        className="icon"
        fill="currentColor"
        height="1em"
        stroke="currentColor"
        strokeWidth="0"
        style={
          Object {
            "color": undefined,
          }
        }
        viewBox="0 0 24 24"
        width="1em"
        xmlns="http://www.w3.org/2000/svg"
      >
        <path
          d="M11.999 1.993c-5.514.001-10 4.487-10 10.001s4.486 10 10.001 10c5.513 0 9.999-4.486 10-10 0-5.514-4.486-10-10.001-10.001zM12 19.994c-4.412 0-8.001-3.589-8.001-8s3.589-8 8-8.001C16.411 3.994 20 7.583 20 11.994c-.001 4.411-3.59 8-8 8z"
        />
        <path
          d="M12 10.994H8v2h4V16l4.005-4.005L12 7.991z"
        />
      </svg>
    </div>
  </div>
  <div
    className="coindetaildiv"
  >
    <h1
      className="name"
    >
      All Time High
    </h1>
    <div
      className="subcoindetaildiv"
    >
      <h1
        className="name"
      />
      <svg
        className="icon"
        fill="currentColor"
        height="1em"
        stroke="currentColor"
        strokeWidth="0"
        style={
          Object {
            "color": undefined,
          }
        }
        viewBox="0 0 24 24"
        width="1em"
        xmlns="http://www.w3.org/2000/svg"
      >
        <path
          d="M11.999 1.993c-5.514.001-10 4.487-10 10.001s4.486 10 10.001 10c5.513 0 9.999-4.486 10-10 0-5.514-4.486-10-10.001-10.001zM12 19.994c-4.412 0-8.001-3.589-8.001-8s3.589-8 8-8.001C16.411 3.994 20 7.583 20 11.994c-.001 4.411-3.59 8-8 8z"
        />
        <path
          d="M12 10.994H8v2h4V16l4.005-4.005L12 7.991z"
        />
      </svg>
    </div>
  </div>
  <div
    className="coindetaildiv"
  >
    <h1
      className="name"
    >
      All Time Low
    </h1>
    <div
      className="subcoindetaildiv"
    >
      <h1
        className="name"
      />
      <svg
        className="icon"
        fill="currentColor"
        height="1em"
        stroke="currentColor"
        strokeWidth="0"
        style={
          Object {
            "color": undefined,
          }
        }
        viewBox="0 0 24 24"
        width="1em"
        xmlns="http://www.w3.org/2000/svg"
      >
        <path
          d="M11.999 1.993c-5.514.001-10 4.487-10 10.001s4.486 10 10.001 10c5.513 0 9.999-4.486 10-10 0-5.514-4.486-10-10.001-10.001zM12 19.994c-4.412 0-8.001-3.589-8.001-8s3.589-8 8-8.001C16.411 3.994 20 7.583 20 11.994c-.001 4.411-3.59 8-8 8z"
        />
        <path
          d="M12 10.994H8v2h4V16l4.005-4.005L12 7.991z"
        />
      </svg>
    </div>
  </div>
  <div
    className="coindetaildiv"
  >
    <h1
      className="name"
    >
      All Time Low
    </h1>
    <div
      className="subcoindetaildiv"
    >
      <h1
        className="name"
      />
      <svg
        className="icon"
        fill="currentColor"
        height="1em"
        stroke="currentColor"
        strokeWidth="0"
        style={
          Object {
            "color": undefined,
          }
        }
        viewBox="0 0 24 24"
        width="1em"
        xmlns="http://www.w3.org/2000/svg"
      >
        <path
          d="M11.999 1.993c-5.514.001-10 4.487-10 10.001s4.486 10 10.001 10c5.513 0 9.999-4.486 10-10 0-5.514-4.486-10-10.001-10.001zM12 19.994c-4.412 0-8.001-3.589-8.001-8s3.589-8 8-8.001C16.411 3.994 20 7.583 20 11.994c-.001 4.411-3.59 8-8 8z"
        />
        <path
          d="M12 10.994H8v2h4V16l4.005-4.005L12 7.991z"
        />
      </svg>
    </div>
  </div>
  <div
    className="coindetaildiv"
  >
    <h1
      className="name"
    >
      Market Cap
    </h1>
    <div
      className="subcoindetaildiv"
    >
      <h1
        className="name"
      />
      <svg
        className="icon"
        fill="currentColor"
        height="1em"
        stroke="currentColor"
        strokeWidth="0"
        style={
          Object {
            "color": undefined,
          }
        }
        viewBox="0 0 24 24"
        width="1em"
        xmlns="http://www.w3.org/2000/svg"
      >
        <path
          d="M11.999 1.993c-5.514.001-10 4.487-10 10.001s4.486 10 10.001 10c5.513 0 9.999-4.486 10-10 0-5.514-4.486-10-10.001-10.001zM12 19.994c-4.412 0-8.001-3.589-8.001-8s3.589-8 8-8.001C16.411 3.994 20 7.583 20 11.994c-.001 4.411-3.59 8-8 8z"
        />
        <path
          d="M12 10.994H8v2h4V16l4.005-4.005L12 7.991z"
        />
      </svg>
    </div>
  </div>
  <div
    className="coindetaildiv"
  >
    <h1
      className="name"
    >
      Price Change Per Year
    </h1>
    <div
      className="subcoindetaildiv"
    >
      <h1
        className="name"
      />
      <svg
        className="icon"
        fill="currentColor"
        height="1em"
        stroke="currentColor"
        strokeWidth="0"
        style={
          Object {
            "color": undefined,
          }
        }
        viewBox="0 0 24 24"
        width="1em"
        xmlns="http://www.w3.org/2000/svg"
      >
        <path
          d="M11.999 1.993c-5.514.001-10 4.487-10 10.001s4.486 10 10.001 10c5.513 0 9.999-4.486 10-10 0-5.514-4.486-10-10.001-10.001zM12 19.994c-4.412 0-8.001-3.589-8.001-8s3.589-8 8-8.001C16.411 3.994 20 7.583 20 11.994c-.001 4.411-3.59 8-8 8z"
        />
        <path
          d="M12 10.994H8v2h4V16l4.005-4.005L12 7.991z"
        />
      </svg>
    </div>
  </div>
  <div
    className="coindetaildiv"
  >
    <h1
      className="name"
    >
      Total Volume
    </h1>
    <div
      className="subcoindetaildiv"
    >
      <h1
        className="name"
      />
      <svg
        className="icon"
        fill="currentColor"
        height="1em"
        stroke="currentColor"
        strokeWidth="0"
        style={
          Object {
            "color": undefined,
          }
        }
        viewBox="0 0 24 24"
        width="1em"
        xmlns="http://www.w3.org/2000/svg"
      >
        <path
          d="M11.999 1.993c-5.514.001-10 4.487-10 10.001s4.486 10 10.001 10c5.513 0 9.999-4.486 10-10 0-5.514-4.486-10-10.001-10.001zM12 19.994c-4.412 0-8.001-3.589-8.001-8s3.589-8 8-8.001C16.411 3.994 20 7.583 20 11.994c-.001 4.411-3.59 8-8 8z"
        />
        <path
          d="M12 10.994H8v2h4V16l4.005-4.005L12 7.991z"
        />
      </svg>
    </div>
  </div>
</div>
`;
